[INFO] Scanning for projects...
[INFO] 
[INFO] --------------------< com.coding.exercise:bank-app >--------------------
[INFO] Building BankApp 1.0.0
[INFO]   from pom.xml
[INFO] --------------------------------[ jar ]---------------------------------
[INFO] 
[INFO] --- maven-clean-plugin:3.2.0:clean (default-clean) @ bank-app ---
[INFO] 
[INFO] --- maven-enforcer-plugin:3.5.0:enforce (default) @ bank-app ---
[INFO] Rule 0: org.apache.maven.enforcer.rules.version.RequireJavaVersion passed
[INFO] 
[INFO] --- maven-resources-plugin:3.2.0:resources (default-resources) @ bank-app ---
[INFO] Using 'UTF-8' encoding to copy filtered resources.
[INFO] Using 'UTF-8' encoding to copy filtered properties files.
[INFO] Copying 1 resource
[INFO] Copying 0 resource
[INFO] 
[INFO] --- maven-compiler-plugin:3.11.0:compile (default-compile) @ bank-app ---
[INFO] Changes detected - recompiling the module! :dependency
[INFO] Compiling 26 source files with javac [debug release 11] to target/classes
[INFO] Annotation processing is enabled because one or more processors were found
  on the class path. A future release of javac may disable annotation processing
  unless at least one processor is specified by name (-processor), or a search
  path is specified (--processor-path, --processor-module-path), or annotation
  processing is enabled explicitly (-proc:only, -proc:full).
  Use -Xlint:-options to suppress this message.
  Use -proc:none to disable annotation processing.
[WARNING] No processor claimed any of these annotations: /javax.persistence.Id,/javax.persistence.Column,/org.springframework.stereotype.Repository,/io.swagger.v3.oas.annotations.responses.ApiResponses,/org.springframework.boot.autoconfigure.SpringBootApplication,/org.springframework.web.bind.annotation.DeleteMapping,/org.springframework.web.bind.annotation.PostMapping,/io.swagger.v3.oas.annotations.tags.Tag,/org.springframework.stereotype.Component,/org.springframework.web.bind.annotation.PutMapping,/org.springframework.transaction.annotation.Transactional,/org.springframework.web.bind.annotation.GetMapping,/javax.persistence.GeneratedValue,/org.springframework.context.annotation.Bean,/org.springframework.web.bind.annotation.RestController,/io.swagger.v3.oas.annotations.Operation,/javax.persistence.OneToOne,/org.springframework.web.bind.annotation.RequestBody,/javax.persistence.Temporal,/org.springframework.web.bind.annotation.PathVariable,/org.springframework.stereotype.Service,/javax.persistence.Entity,/javax.persistence.ManyToOne,/org.springframework.context.annotation.Configuration,/org.springframework.beans.factory.annotation.Autowired,/org.springframework.web.bind.annotation.RequestMapping
[WARNING] src/main/java/com/coding/exercise/bankapp/config/SecurityConfig.java:[16,37] org.springframework.security.config.annotation.web.configuration.WebSecurityConfigurerAdapter in org.springframework.security.config.annotation.web.configuration has been deprecated
[WARNING] src/main/java/com/coding/exercise/bankapp/config/SecurityConfig.java:[16,37] org.springframework.security.config.annotation.web.configuration.WebSecurityConfigurerAdapter in org.springframework.security.config.annotation.web.configuration has been deprecated
[WARNING] src/main/java/com/coding/exercise/bankapp/config/SecurityConfig.java:[16,37] org.springframework.security.config.annotation.web.configuration.WebSecurityConfigurerAdapter in org.springframework.security.config.annotation.web.configuration has been deprecated
[WARNING] src/main/java/com/coding/exercise/bankapp/config/SecurityConfig.java:[16,37] org.springframework.security.config.annotation.web.configuration.WebSecurityConfigurerAdapter in org.springframework.security.config.annotation.web.configuration has been deprecated
[WARNING] src/main/java/com/coding/exercise/bankapp/config/SecurityConfig.java:[16,37] org.springframework.security.config.annotation.web.configuration.WebSecurityConfigurerAdapter in org.springframework.security.config.annotation.web.configuration has been deprecated
[INFO] 
[INFO] --- maven-resources-plugin:3.2.0:testResources (default-testResources) @ bank-app ---
[INFO] Using 'UTF-8' encoding to copy filtered resources.
[INFO] Using 'UTF-8' encoding to copy filtered properties files.
[INFO] Copying 9 resources
[INFO] 
[INFO] --- maven-compiler-plugin:3.11.0:testCompile (default-testCompile) @ bank-app ---
[INFO] Changes detected - recompiling the module! :dependency
[INFO] Compiling 1 source file with javac [debug release 11] to target/test-classes
[INFO] Annotation processing is enabled because one or more processors were found
  on the class path. A future release of javac may disable annotation processing
  unless at least one processor is specified by name (-processor), or a search
  path is specified (--processor-path, --processor-module-path), or annotation
  processing is enabled explicitly (-proc:only, -proc:full).
  Use -Xlint:-options to suppress this message.
  Use -proc:none to disable annotation processing.
[WARNING] No processor claimed any of these annotations: /org.springframework.boot.test.context.SpringBootTest,/org.junit.jupiter.api.Test
[INFO] 
[INFO] --- maven-surefire-plugin:3.2.5:test (default-test) @ bank-app ---
[INFO] Using auto detected provider org.apache.maven.surefire.junitplatform.JUnitPlatformProvider
[INFO] 
[INFO] -------------------------------------------------------
[INFO]  T E S T S
[INFO] -------------------------------------------------------
[INFO] Running com.coding.exercise.bankapp.BankingApplicationTests
08:21:13.342 [main] DEBUG org.springframework.test.context.BootstrapUtils - Instantiating CacheAwareContextLoaderDelegate from class [org.springframework.test.context.cache.DefaultCacheAwareContextLoaderDelegate]
08:21:13.348 [main] DEBUG org.springframework.test.context.BootstrapUtils - Instantiating BootstrapContext using constructor [public org.springframework.test.context.support.DefaultBootstrapContext(java.lang.Class,org.springframework.test.context.CacheAwareContextLoaderDelegate)]
08:21:13.368 [main] DEBUG org.springframework.test.context.BootstrapUtils - Instantiating TestContextBootstrapper for test class [com.coding.exercise.bankapp.BankingApplicationTests] from class [org.springframework.boot.test.context.SpringBootTestContextBootstrapper]
08:21:13.375 [main] INFO org.springframework.boot.test.context.SpringBootTestContextBootstrapper - Neither @ContextConfiguration nor @ContextHierarchy found for test class [com.coding.exercise.bankapp.BankingApplicationTests], using SpringBootContextLoader
08:21:13.376 [main] DEBUG org.springframework.test.context.support.AbstractContextLoader - Did not detect default resource location for test class [com.coding.exercise.bankapp.BankingApplicationTests]: class path resource [com/coding/exercise/bankapp/BankingApplicationTests-context.xml] does not exist
08:21:13.376 [main] DEBUG org.springframework.test.context.support.AbstractContextLoader - Did not detect default resource location for test class [com.coding.exercise.bankapp.BankingApplicationTests]: class path resource [com/coding/exercise/bankapp/BankingApplicationTestsContext.groovy] does not exist
08:21:13.376 [main] INFO org.springframework.test.context.support.AbstractContextLoader - Could not detect default resource locations for test class [com.coding.exercise.bankapp.BankingApplicationTests]: no resource found for suffixes {-context.xml, Context.groovy}.
08:21:13.377 [main] INFO org.springframework.test.context.support.AnnotationConfigContextLoaderUtils - Could not detect default configuration classes for test class [com.coding.exercise.bankapp.BankingApplicationTests]: BankingApplicationTests does not declare any static, non-private, non-final, nested classes annotated with @Configuration.
08:21:13.400 [main] DEBUG org.springframework.test.context.support.ActiveProfilesUtils - Could not find an 'annotation declaring class' for annotation type [org.springframework.test.context.ActiveProfiles] and class [com.coding.exercise.bankapp.BankingApplicationTests]
08:21:13.432 [main] DEBUG org.springframework.context.annotation.ClassPathScanningCandidateComponentProvider - Identified candidate component class: file [target/classes/com/coding/exercise/bankapp/BankingApplication.class]
08:21:13.432 [main] INFO org.springframework.boot.test.context.SpringBootTestContextBootstrapper - Found @SpringBootConfiguration com.coding.exercise.bankapp.BankingApplication for test class com.coding.exercise.bankapp.BankingApplicationTests
08:21:13.475 [main] DEBUG org.springframework.boot.test.context.SpringBootTestContextBootstrapper - @TestExecutionListeners is not present for class [com.coding.exercise.bankapp.BankingApplicationTests]: using defaults.
08:21:13.475 [main] INFO org.springframework.boot.test.context.SpringBootTestContextBootstrapper - Loaded default TestExecutionListener class names from location [META-INF/spring.factories]: [org.springframework.boot.test.mock.mockito.MockitoTestExecutionListener, org.springframework.boot.test.mock.mockito.ResetMocksTestExecutionListener, org.springframework.boot.test.autoconfigure.restdocs.RestDocsTestExecutionListener, org.springframework.boot.test.autoconfigure.web.client.MockRestServiceServerResetTestExecutionListener, org.springframework.boot.test.autoconfigure.web.servlet.MockMvcPrintOnlyOnFailureTestExecutionListener, org.springframework.boot.test.autoconfigure.web.servlet.WebDriverTestExecutionListener, org.springframework.boot.test.autoconfigure.webservices.client.MockWebServiceServerTestExecutionListener, org.springframework.test.context.web.ServletTestExecutionListener, org.springframework.test.context.support.DirtiesContextBeforeModesTestExecutionListener, org.springframework.test.context.event.ApplicationEventsTestExecutionListener, org.springframework.test.context.support.DependencyInjectionTestExecutionListener, org.springframework.test.context.support.DirtiesContextTestExecutionListener, org.springframework.test.context.transaction.TransactionalTestExecutionListener, org.springframework.test.context.jdbc.SqlScriptsTestExecutionListener, org.springframework.test.context.event.EventPublishingTestExecutionListener, org.springframework.security.test.context.support.WithSecurityContextTestExecutionListener, org.springframework.security.test.context.support.ReactorContextTestExecutionListener]
08:21:13.486 [main] INFO org.springframework.boot.test.context.SpringBootTestContextBootstrapper - Using TestExecutionListeners: [org.springframework.test.context.web.ServletTestExecutionListener@42bc14c1, org.springframework.test.context.support.DirtiesContextBeforeModesTestExecutionListener@531f4093, org.springframework.test.context.event.ApplicationEventsTestExecutionListener@62ef27a8, org.springframework.boot.test.mock.mockito.MockitoTestExecutionListener@6436a7db, org.springframework.boot.test.autoconfigure.SpringBootDependencyInjectionTestExecutionListener@460ebd80, org.springframework.test.context.support.DirtiesContextTestExecutionListener@6f3c660a, org.springframework.test.context.transaction.TransactionalTestExecutionListener@74f5ce22, org.springframework.test.context.jdbc.SqlScriptsTestExecutionListener@25aca718, org.springframework.test.context.event.EventPublishingTestExecutionListener@16fdec90, org.springframework.security.test.context.support.WithSecurityContextTestExecutionListener@1afdd473, org.springframework.security.test.context.support.ReactorContextTestExecutionListener@40238dd0, org.springframework.boot.test.mock.mockito.ResetMocksTestExecutionListener@7776ab, org.springframework.boot.test.autoconfigure.restdocs.RestDocsTestExecutionListener@79179359, org.springframework.boot.test.autoconfigure.web.client.MockRestServiceServerResetTestExecutionListener@dbd8e44, org.springframework.boot.test.autoconfigure.web.servlet.MockMvcPrintOnlyOnFailureTestExecutionListener@51acdf2e, org.springframework.boot.test.autoconfigure.web.servlet.WebDriverTestExecutionListener@6a55299e, org.springframework.boot.test.autoconfigure.webservices.client.MockWebServiceServerTestExecutionListener@2f1de2d6]
08:21:13.488 [main] DEBUG org.springframework.test.context.support.AbstractDirtiesContextTestExecutionListener - Before test class: context [DefaultTestContext@74bada02 testClass = BankingApplicationTests, testInstance = [null], testMethod = [null], testException = [null], mergedContextConfiguration = [WebMergedContextConfiguration@525575 testClass = BankingApplicationTests, locations = '{}', classes = '{class com.coding.exercise.bankapp.BankingApplication}', contextInitializerClasses = '[]', activeProfiles = '{}', propertySourceLocations = '{}', propertySourceProperties = '{org.springframework.boot.test.context.SpringBootTestContextBootstrapper=true}', contextCustomizers = set[org.springframework.boot.test.context.filter.ExcludeFilterContextCustomizer@2a265ea9, org.springframework.boot.test.json.DuplicateJsonObjectContextCustomizerFactory$DuplicateJsonObjectContextCustomizer@2e8c1c9b, org.springframework.boot.test.mock.mockito.MockitoContextCustomizer@0, org.springframework.boot.test.web.client.TestRestTemplateContextCustomizer@54422e18, org.springframework.boot.test.autoconfigure.actuate.metrics.MetricsExportContextCustomizerFactory$DisableMetricExportContextCustomizer@74d1dc36, org.springframework.boot.test.autoconfigure.properties.PropertyMappingContextCustomizer@0, org.springframework.boot.test.autoconfigure.web.servlet.WebDriverContextCustomizerFactory$Customizer@3ba987b8, org.springframework.boot.test.context.SpringBootTestArgs@1, org.springframework.boot.test.context.SpringBootTestWebEnvironment@68ceda24], resourceBasePath = 'src/main/webapp', contextLoader = 'org.springframework.boot.test.context.SpringBootContextLoader', parent = [null]], attributes = map['org.springframework.test.context.web.ServletTestExecutionListener.activateListener' -> true]], class annotated with @DirtiesContext [false] with mode [null].
08:21:13.512 [main] INFO org.springframework.boot.devtools.restart.RestartApplicationListener - Restart disabled due to context in which it is running

  .   ____          _            __ _ _
 /\\ / ___'_ __ _ _(_)_ __  __ _ \ \ \ \
( ( )\___ | '_ | '_| | '_ \/ _` | \ \ \ \
 \\/  ___)| |_)| | | | | || (_| |  ) ) ) )
  '  |____| .__|_| |_|_| |_\__, | / / / /
 =========|_|==============|___/=/_/_/_/
 :: Spring Boot ::               (v2.7.18)

2026-09-23 08:21:13.689  INFO 5084 --- [           main] c.c.e.bankapp.BankingApplicationTests    : Starting BankingApplicationTests using Java 21.0.12.1 on devin-box with PID 5084 (started by ubuntu in /home/ubuntu/repos/Aplicacion-de-Banca-Spring-Boot)
2026-09-23 08:21:13.689  INFO 5084 --- [           main] c.c.e.bankapp.BankingApplicationTests    : No active profile set, falling back to 1 default profile: "default"
2026-09-23 08:21:14.171  INFO 5084 --- [           main] .s.d.r.c.RepositoryConfigurationDelegate : Bootstrapping Spring Data JPA repositories in DEFAULT mode.
2026-09-23 08:21:14.197  INFO 5084 --- [           main] .s.d.r.c.RepositoryConfigurationDelegate : Finished Spring Data repository scanning in 22 ms. Found 4 JPA repository interfaces.
2026-09-23 08:21:14.462  INFO 5084 --- [           main] com.zaxxer.hikari.HikariDataSource       : HikariPool-1 - Starting...
2026-09-23 08:21:14.567  INFO 5084 --- [           main] com.zaxxer.hikari.HikariDataSource       : HikariPool-1 - Start completed.
2026-09-23 08:21:14.611  INFO 5084 --- [           main] o.hibernate.jpa.internal.util.LogHelper  : HHH000204: Processing PersistenceUnitInfo [name: default]
2026-09-23 08:21:14.639  INFO 5084 --- [           main] org.hibernate.Version                    : HHH000412: Hibernate ORM core version 5.6.15.Final
2026-09-23 08:21:14.724  INFO 5084 --- [           main] o.hibernate.annotations.common.Version   : HCANN000001: Hibernate Commons Annotations {5.1.2.Final}
2026-09-23 08:21:14.778  INFO 5084 --- [           main] org.hibernate.dialect.Dialect            : HHH000400: Using dialect: org.hibernate.dialect.H2Dialect
2026-09-23 08:21:15.079  INFO 5084 --- [           main] o.h.e.t.j.p.i.JtaPlatformInitiator       : HHH000490: Using JtaPlatform implementation: [org.hibernate.engine.transaction.jta.platform.internal.NoJtaPlatform]
2026-09-23 08:21:15.083  INFO 5084 --- [           main] j.LocalContainerEntityManagerFactoryBean : Initialized JPA EntityManagerFactory for persistence unit 'default'
2026-09-23 08:21:15.162  WARN 5084 --- [           main] JpaBaseConfiguration$JpaWebConfiguration : spring.jpa.open-in-view is enabled by default. Therefore, database queries may be performed during view rendering. Explicitly configure spring.jpa.open-in-view to disable this warning
2026-09-23 08:21:15.655  INFO 5084 --- [           main] o.s.b.a.h2.H2ConsoleAutoConfiguration    : H2 console available at '/h2-console'. Database available at 'jdbc:h2:mem:c09b64a2-a122-46d2-b548-2afd042bdd84'
2026-09-23 08:21:16.470  INFO 5084 --- [           main] o.s.s.web.DefaultSecurityFilterChain     : Will secure any request with [org.springframework.security.web.session.DisableEncodeUrlFilter@8b727cb, org.springframework.security.web.context.request.async.WebAsyncManagerIntegrationFilter@6030eff1, org.springframework.security.web.context.SecurityContextPersistenceFilter@2edc6690, org.springframework.security.web.header.HeaderWriterFilter@7a59780b, org.springframework.security.web.authentication.logout.LogoutFilter@5a88ecb9, org.springframework.security.web.savedrequest.RequestCacheAwareFilter@35c69e6b, org.springframework.security.web.servletapi.SecurityContextHolderAwareRequestFilter@49467fc6, org.springframework.security.web.authentication.AnonymousAuthenticationFilter@194a653d, org.springframework.security.web.session.SessionManagementFilter@12922d53, org.springframework.security.web.access.ExceptionTranslationFilter@1611ce1c, org.springframework.security.web.access.intercept.FilterSecurityInterceptor@d3929ba]
2026-09-23 08:21:16.492  INFO 5084 --- [           main] o.s.b.a.e.web.EndpointLinksResolver      : Exposing 1 endpoint(s) beneath base path '/actuator'
2026-09-23 08:21:16.516  INFO 5084 --- [           main] c.c.e.bankapp.BankingApplicationTests    : Started BankingApplicationTests in 3.01 seconds (JVM running for 3.521)
[INFO] Tests run: 1, Failures: 0, Errors: 0, Skipped: 0, Time elapsed: 3.332 s -- in com.coding.exercise.bankapp.BankingApplicationTests
[INFO] 
[INFO] Results:
[INFO] 
[INFO] Tests run: 1, Failures: 0, Errors: 0, Skipped: 0
[INFO] 
[INFO] 
[INFO] --- maven-jar-plugin:3.2.2:jar (default-jar) @ bank-app ---
[INFO] Building jar: target/bank-app-1.0.0.jar
[INFO] 
[INFO] --- spring-boot-maven-plugin:2.7.18:repackage (repackage) @ bank-app ---
[INFO] Replacing main artifact with repackaged archive
[INFO] ------------------------------------------------------------------------
[INFO] BUILD SUCCESS
[INFO] ------------------------------------------------------------------------
[INFO] Total time:  6.873 s
[INFO] Finished at: 2026-09-23T08:21:17Z
[INFO] ------------------------------------------------------------------------
