[INFO] Scanning for projects...
[INFO] 
[INFO] --------------------< com.coding.exercise:bank-app >--------------------
[INFO] Building BankApp 1.0.0
[INFO] --------------------------------[ jar ]---------------------------------
[INFO] 
[INFO] --- maven-clean-plugin:3.5.0:clean (default-clean) @ bank-app ---
[INFO] 
[INFO] --- maven-enforcer-plugin:3.5.0:enforce (default) @ bank-app ---
[INFO] Rule 0: org.apache.maven.enforcer.rules.version.RequireJavaVersion passed
[INFO] 
[INFO] --- maven-resources-plugin:3.5.0:resources (default-resources) @ bank-app ---
[INFO] Copying 1 resource from src/main/resources to target/classes
[INFO] Copying 0 resource from src/main/resources to target/classes
[INFO] 
[INFO] --- maven-compiler-plugin:3.15.0:compile (default-compile) @ bank-app ---
[INFO] Recompiling the module because of changed dependency.
[INFO] Compiling 26 source files with javac [debug parameters release 21] to target/classes
[WARNING] No processor claimed any of these annotations: /org.springframework.stereotype.Repository,/io.swagger.v3.oas.annotations.responses.ApiResponses,/jakarta.persistence.ManyToOne,/org.springframework.boot.autoconfigure.SpringBootApplication,/jakarta.persistence.Entity,/jakarta.persistence.GeneratedValue,/org.springframework.web.bind.annotation.DeleteMapping,/org.springframework.web.bind.annotation.PostMapping,/io.swagger.v3.oas.annotations.tags.Tag,/org.springframework.stereotype.Component,/org.springframework.web.bind.annotation.PutMapping,/org.springframework.transaction.annotation.Transactional,/org.springframework.web.bind.annotation.GetMapping,/org.springframework.context.annotation.Bean,/jakarta.persistence.Column,/org.springframework.web.bind.annotation.RestController,/io.swagger.v3.oas.annotations.Operation,/org.springframework.web.bind.annotation.RequestBody,/org.springframework.web.bind.annotation.PathVariable,/org.springframework.stereotype.Service,/jakarta.persistence.Temporal,/jakarta.persistence.OneToOne,/org.springframework.context.annotation.Configuration,/org.springframework.beans.factory.annotation.Autowired,/jakarta.persistence.Id,/org.springframework.web.bind.annotation.RequestMapping
[WARNING] /home/ubuntu/repos/Aplicacion-de-Banca-Spring-Boot/src/main/java/com/coding/exercise/bankapp/model/Customer.java:[49,6] jakarta.persistence.Temporal in jakarta.persistence has been deprecated
[WARNING] /home/ubuntu/repos/Aplicacion-de-Banca-Spring-Boot/src/main/java/com/coding/exercise/bankapp/model/Customer.java:[49,15] jakarta.persistence.TemporalType in jakarta.persistence has been deprecated
[WARNING] /home/ubuntu/repos/Aplicacion-de-Banca-Spring-Boot/src/main/java/com/coding/exercise/bankapp/model/Customer.java:[49,6] jakarta.persistence.Temporal in jakarta.persistence has been deprecated
[WARNING] /home/ubuntu/repos/Aplicacion-de-Banca-Spring-Boot/src/main/java/com/coding/exercise/bankapp/model/Customer.java:[49,15] jakarta.persistence.TemporalType in jakarta.persistence has been deprecated
[WARNING] /home/ubuntu/repos/Aplicacion-de-Banca-Spring-Boot/src/main/java/com/coding/exercise/bankapp/model/Customer.java:[49,6] jakarta.persistence.Temporal in jakarta.persistence has been deprecated
[WARNING] /home/ubuntu/repos/Aplicacion-de-Banca-Spring-Boot/src/main/java/com/coding/exercise/bankapp/model/Customer.java:[49,15] jakarta.persistence.TemporalType in jakarta.persistence has been deprecated
[WARNING] /home/ubuntu/repos/Aplicacion-de-Banca-Spring-Boot/src/main/java/com/coding/exercise/bankapp/model/Customer.java:[49,6] jakarta.persistence.Temporal in jakarta.persistence has been deprecated
[WARNING] /home/ubuntu/repos/Aplicacion-de-Banca-Spring-Boot/src/main/java/com/coding/exercise/bankapp/model/Customer.java:[49,15] jakarta.persistence.TemporalType in jakarta.persistence has been deprecated
[WARNING] /home/ubuntu/repos/Aplicacion-de-Banca-Spring-Boot/src/main/java/com/coding/exercise/bankapp/model/Customer.java:[49,6] jakarta.persistence.Temporal in jakarta.persistence has been deprecated
[WARNING] /home/ubuntu/repos/Aplicacion-de-Banca-Spring-Boot/src/main/java/com/coding/exercise/bankapp/model/Customer.java:[49,15] jakarta.persistence.TemporalType in jakarta.persistence has been deprecated
[WARNING] /home/ubuntu/repos/Aplicacion-de-Banca-Spring-Boot/src/main/java/com/coding/exercise/bankapp/model/Customer.java:[52,6] jakarta.persistence.Temporal in jakarta.persistence has been deprecated
[WARNING] /home/ubuntu/repos/Aplicacion-de-Banca-Spring-Boot/src/main/java/com/coding/exercise/bankapp/model/Customer.java:[52,15] jakarta.persistence.TemporalType in jakarta.persistence has been deprecated
[WARNING] /home/ubuntu/repos/Aplicacion-de-Banca-Spring-Boot/src/main/java/com/coding/exercise/bankapp/model/Customer.java:[52,6] jakarta.persistence.Temporal in jakarta.persistence has been deprecated
[WARNING] /home/ubuntu/repos/Aplicacion-de-Banca-Spring-Boot/src/main/java/com/coding/exercise/bankapp/model/Customer.java:[52,15] jakarta.persistence.TemporalType in jakarta.persistence has been deprecated
[WARNING] /home/ubuntu/repos/Aplicacion-de-Banca-Spring-Boot/src/main/java/com/coding/exercise/bankapp/model/Customer.java:[52,6] jakarta.persistence.Temporal in jakarta.persistence has been deprecated
[WARNING] /home/ubuntu/repos/Aplicacion-de-Banca-Spring-Boot/src/main/java/com/coding/exercise/bankapp/model/Customer.java:[52,15] jakarta.persistence.TemporalType in jakarta.persistence has been deprecated
[WARNING] /home/ubuntu/repos/Aplicacion-de-Banca-Spring-Boot/src/main/java/com/coding/exercise/bankapp/model/Customer.java:[52,6] jakarta.persistence.Temporal in jakarta.persistence has been deprecated
[WARNING] /home/ubuntu/repos/Aplicacion-de-Banca-Spring-Boot/src/main/java/com/coding/exercise/bankapp/model/Customer.java:[52,15] jakarta.persistence.TemporalType in jakarta.persistence has been deprecated
[WARNING] /home/ubuntu/repos/Aplicacion-de-Banca-Spring-Boot/src/main/java/com/coding/exercise/bankapp/model/Customer.java:[52,6] jakarta.persistence.Temporal in jakarta.persistence has been deprecated
[WARNING] /home/ubuntu/repos/Aplicacion-de-Banca-Spring-Boot/src/main/java/com/coding/exercise/bankapp/model/Customer.java:[52,15] jakarta.persistence.TemporalType in jakarta.persistence has been deprecated
[WARNING] /home/ubuntu/repos/Aplicacion-de-Banca-Spring-Boot/src/main/java/com/coding/exercise/bankapp/model/Account.java:[44,6] jakarta.persistence.Temporal in jakarta.persistence has been deprecated
[WARNING] /home/ubuntu/repos/Aplicacion-de-Banca-Spring-Boot/src/main/java/com/coding/exercise/bankapp/model/Account.java:[44,15] jakarta.persistence.TemporalType in jakarta.persistence has been deprecated
[WARNING] /home/ubuntu/repos/Aplicacion-de-Banca-Spring-Boot/src/main/java/com/coding/exercise/bankapp/model/Account.java:[44,6] jakarta.persistence.Temporal in jakarta.persistence has been deprecated
[WARNING] /home/ubuntu/repos/Aplicacion-de-Banca-Spring-Boot/src/main/java/com/coding/exercise/bankapp/model/Account.java:[44,15] jakarta.persistence.TemporalType in jakarta.persistence has been deprecated
[WARNING] /home/ubuntu/repos/Aplicacion-de-Banca-Spring-Boot/src/main/java/com/coding/exercise/bankapp/model/Account.java:[44,6] jakarta.persistence.Temporal in jakarta.persistence has been deprecated
[WARNING] /home/ubuntu/repos/Aplicacion-de-Banca-Spring-Boot/src/main/java/com/coding/exercise/bankapp/model/Account.java:[44,15] jakarta.persistence.TemporalType in jakarta.persistence has been deprecated
[WARNING] /home/ubuntu/repos/Aplicacion-de-Banca-Spring-Boot/src/main/java/com/coding/exercise/bankapp/model/Account.java:[44,6] jakarta.persistence.Temporal in jakarta.persistence has been deprecated
[WARNING] /home/ubuntu/repos/Aplicacion-de-Banca-Spring-Boot/src/main/java/com/coding/exercise/bankapp/model/Account.java:[44,15] jakarta.persistence.TemporalType in jakarta.persistence has been deprecated
[WARNING] /home/ubuntu/repos/Aplicacion-de-Banca-Spring-Boot/src/main/java/com/coding/exercise/bankapp/model/Account.java:[44,6] jakarta.persistence.Temporal in jakarta.persistence has been deprecated
[WARNING] /home/ubuntu/repos/Aplicacion-de-Banca-Spring-Boot/src/main/java/com/coding/exercise/bankapp/model/Account.java:[44,15] jakarta.persistence.TemporalType in jakarta.persistence has been deprecated
[WARNING] /home/ubuntu/repos/Aplicacion-de-Banca-Spring-Boot/src/main/java/com/coding/exercise/bankapp/model/Account.java:[47,6] jakarta.persistence.Temporal in jakarta.persistence has been deprecated
[WARNING] /home/ubuntu/repos/Aplicacion-de-Banca-Spring-Boot/src/main/java/com/coding/exercise/bankapp/model/Account.java:[47,15] jakarta.persistence.TemporalType in jakarta.persistence has been deprecated
[WARNING] /home/ubuntu/repos/Aplicacion-de-Banca-Spring-Boot/src/main/java/com/coding/exercise/bankapp/model/Account.java:[47,6] jakarta.persistence.Temporal in jakarta.persistence has been deprecated
[WARNING] /home/ubuntu/repos/Aplicacion-de-Banca-Spring-Boot/src/main/java/com/coding/exercise/bankapp/model/Account.java:[47,15] jakarta.persistence.TemporalType in jakarta.persistence has been deprecated
[WARNING] /home/ubuntu/repos/Aplicacion-de-Banca-Spring-Boot/src/main/java/com/coding/exercise/bankapp/model/Account.java:[47,6] jakarta.persistence.Temporal in jakarta.persistence has been deprecated
[WARNING] /home/ubuntu/repos/Aplicacion-de-Banca-Spring-Boot/src/main/java/com/coding/exercise/bankapp/model/Account.java:[47,15] jakarta.persistence.TemporalType in jakarta.persistence has been deprecated
[WARNING] /home/ubuntu/repos/Aplicacion-de-Banca-Spring-Boot/src/main/java/com/coding/exercise/bankapp/model/Account.java:[47,6] jakarta.persistence.Temporal in jakarta.persistence has been deprecated
[WARNING] /home/ubuntu/repos/Aplicacion-de-Banca-Spring-Boot/src/main/java/com/coding/exercise/bankapp/model/Account.java:[47,15] jakarta.persistence.TemporalType in jakarta.persistence has been deprecated
[WARNING] /home/ubuntu/repos/Aplicacion-de-Banca-Spring-Boot/src/main/java/com/coding/exercise/bankapp/model/Account.java:[47,6] jakarta.persistence.Temporal in jakarta.persistence has been deprecated
[WARNING] /home/ubuntu/repos/Aplicacion-de-Banca-Spring-Boot/src/main/java/com/coding/exercise/bankapp/model/Account.java:[47,15] jakarta.persistence.TemporalType in jakarta.persistence has been deprecated
[WARNING] /home/ubuntu/repos/Aplicacion-de-Banca-Spring-Boot/src/main/java/com/coding/exercise/bankapp/model/Transaction.java:[33,10] jakarta.persistence.Temporal in jakarta.persistence has been deprecated
[WARNING] /home/ubuntu/repos/Aplicacion-de-Banca-Spring-Boot/src/main/java/com/coding/exercise/bankapp/model/Transaction.java:[33,19] jakarta.persistence.TemporalType in jakarta.persistence has been deprecated
[WARNING] /home/ubuntu/repos/Aplicacion-de-Banca-Spring-Boot/src/main/java/com/coding/exercise/bankapp/model/Transaction.java:[33,10] jakarta.persistence.Temporal in jakarta.persistence has been deprecated
[WARNING] /home/ubuntu/repos/Aplicacion-de-Banca-Spring-Boot/src/main/java/com/coding/exercise/bankapp/model/Transaction.java:[33,19] jakarta.persistence.TemporalType in jakarta.persistence has been deprecated
[WARNING] /home/ubuntu/repos/Aplicacion-de-Banca-Spring-Boot/src/main/java/com/coding/exercise/bankapp/model/Transaction.java:[33,10] jakarta.persistence.Temporal in jakarta.persistence has been deprecated
[WARNING] /home/ubuntu/repos/Aplicacion-de-Banca-Spring-Boot/src/main/java/com/coding/exercise/bankapp/model/Transaction.java:[33,19] jakarta.persistence.TemporalType in jakarta.persistence has been deprecated
[WARNING] /home/ubuntu/repos/Aplicacion-de-Banca-Spring-Boot/src/main/java/com/coding/exercise/bankapp/model/Transaction.java:[33,10] jakarta.persistence.Temporal in jakarta.persistence has been deprecated
[WARNING] /home/ubuntu/repos/Aplicacion-de-Banca-Spring-Boot/src/main/java/com/coding/exercise/bankapp/model/Transaction.java:[33,19] jakarta.persistence.TemporalType in jakarta.persistence has been deprecated
[WARNING] /home/ubuntu/repos/Aplicacion-de-Banca-Spring-Boot/src/main/java/com/coding/exercise/bankapp/model/Transaction.java:[33,10] jakarta.persistence.Temporal in jakarta.persistence has been deprecated
[WARNING] /home/ubuntu/repos/Aplicacion-de-Banca-Spring-Boot/src/main/java/com/coding/exercise/bankapp/model/Transaction.java:[33,19] jakarta.persistence.TemporalType in jakarta.persistence has been deprecated
[INFO] 
[INFO] --- maven-resources-plugin:3.5.0:testResources (default-testResources) @ bank-app ---
[INFO] Copying 9 resources from src/test/resources to target/test-classes
[INFO] 
[INFO] --- maven-compiler-plugin:3.15.0:testCompile (default-testCompile) @ bank-app ---
[INFO] Recompiling the module because of changed dependency.
[INFO] Compiling 1 source file with javac [debug parameters release 21] to target/test-classes
[WARNING] No processor claimed any of these annotations: /org.springframework.boot.test.context.SpringBootTest,/org.junit.jupiter.api.Test
[INFO] 
[INFO] --- maven-surefire-plugin:3.5.6:test (default-test) @ bank-app ---
[INFO] Using auto detected provider org.apache.maven.surefire.junitplatform.JUnitPlatformProvider
[INFO] 
[INFO] -------------------------------------------------------
[INFO]  T E S T S
[INFO] -------------------------------------------------------
[INFO] Running com.coding.exercise.bankapp.BankingApplicationTests
08:59:41.723 [main] INFO org.springframework.test.context.support.AnnotationConfigContextLoaderUtils -- Could not detect default configuration classes for test class [com.coding.exercise.bankapp.BankingApplicationTests]: BankingApplicationTests does not declare any static, non-private, non-final, nested classes annotated with @Configuration.
08:59:41.781 [main] INFO org.springframework.boot.test.context.SpringBootTestContextBootstrapper -- Found @SpringBootConfiguration com.coding.exercise.bankapp.BankingApplication for test class com.coding.exercise.bankapp.BankingApplicationTests
08:59:41.832 [main] INFO org.springframework.test.context.support.AnnotationConfigContextLoaderUtils -- Could not detect default configuration classes for test class [com.coding.exercise.bankapp.BankingApplicationTests]: BankingApplicationTests does not declare any static, non-private, non-final, nested classes annotated with @Configuration.
08:59:41.833 [main] INFO org.springframework.boot.test.context.SpringBootTestContextBootstrapper -- Found @SpringBootConfiguration com.coding.exercise.bankapp.BankingApplication for test class com.coding.exercise.bankapp.BankingApplicationTests
08:59:41.879 [main] INFO org.springframework.boot.devtools.restart.RestartApplicationListener -- Restart disabled due to context in which it is running

  .   ____          _            __ _ _
 /\\ / ___'_ __ _ _(_)_ __  __ _ \ \ \ \
( ( )\___ | '_ | '_| | '_ \/ _` | \ \ \ \
 \\/  ___)| |_)| | | | | || (_| |  ) ) ) )
  '  |____| .__|_| |_|_| |_\__, | / / / /
 =========|_|==============|___/=/_/_/_/

 :: Spring Boot ::                (v4.1.1)

2026-09-23T08:59:42.079Z  INFO 4145 --- [           main] c.c.e.bankapp.BankingApplicationTests    : Starting BankingApplicationTests using Java 21.0.12.1 with PID 4145 (started by ubuntu in /home/ubuntu/repos/Aplicacion-de-Banca-Spring-Boot)
2026-09-23T08:59:42.080Z  INFO 4145 --- [           main] c.c.e.bankapp.BankingApplicationTests    : No active profile set, falling back to 1 default profile: "default"
2026-09-23T08:59:42.682Z  INFO 4145 --- [           main] .s.d.r.c.RepositoryConfigurationDelegate : Bootstrapping Spring Data JPA repositories in DEFAULT mode.
2026-09-23T08:59:42.719Z  INFO 4145 --- [           main] .s.d.r.c.RepositoryConfigurationDelegate : Finished Spring Data repository scanning in 31 ms. Found 4 JPA repository interfaces.
2026-09-23T08:59:43.100Z  INFO 4145 --- [           main] com.zaxxer.hikari.HikariDataSource       : HikariPool-1 - Starting...
2026-09-23T08:59:43.246Z  INFO 4145 --- [           main] com.zaxxer.hikari.pool.HikariPool        : HikariPool-1 - Added connection conn0: url=jdbc:h2:mem:42941500-dbe7-4d1c-a03e-a5cd52e6b2e4 user=SA
2026-09-23T08:59:43.248Z  INFO 4145 --- [           main] com.zaxxer.hikari.HikariDataSource       : HikariPool-1 - Start completed.
2026-09-23T08:59:43.268Z  INFO 4145 --- [           main] org.hibernate.orm.jpa                    : HHH008540: Processing PersistenceUnitInfo [name: default]
2026-09-23T08:59:43.297Z  INFO 4145 --- [           main] org.hibernate.orm.core                   : HHH000001: Hibernate ORM core version 7.4.5.Final
2026-09-23T08:59:43.540Z  INFO 4145 --- [           main] o.s.o.j.p.SpringPersistenceUnitInfo      : No LoadTimeWeaver setup: ignoring JPA class transformer
2026-09-23T08:59:43.591Z  INFO 4145 --- [           main] org.hibernate.orm.connections.pooling    : HHH10001005: Database info:
	Database JDBC URL [jdbc:h2:mem:42941500-dbe7-4d1c-a03e-a5cd52e6b2e4]
	Database driver: H2 JDBC Driver
	Database dialect: H2Dialect
	Database version: 2.4.240
	Default catalog/schema: 42941500-DBE7-4D1C-A03E-A5CD52E6B2E4/PUBLIC
	Autocommit mode: undefined/unknown
	Isolation level: READ_COMMITTED [default READ_COMMITTED]
	JDBC fetch size: 100
	Pool: DataSourceConnectionProvider
	Minimum pool size: undefined/unknown
	Maximum pool size: undefined/unknown
2026-09-23T08:59:43.688Z  WARN 4145 --- [           main] org.hibernate.orm.deprecation            : HHH90000033: Encountered use of deprecated annotation [interface jakarta.persistence.Temporal] at com.coding.exercise.bankapp.model.Account.createDateTime.
2026-09-23T08:59:43.689Z  WARN 4145 --- [           main] org.hibernate.orm.deprecation            : HHH90000033: Encountered use of deprecated annotation [interface jakarta.persistence.Temporal] at com.coding.exercise.bankapp.model.Account.updateDateTime.
2026-09-23T08:59:43.699Z  WARN 4145 --- [           main] org.hibernate.orm.deprecation            : HHH90000033: Encountered use of deprecated annotation [interface jakarta.persistence.Temporal] at com.coding.exercise.bankapp.model.Customer.createDateTime.
2026-09-23T08:59:43.701Z  WARN 4145 --- [           main] org.hibernate.orm.deprecation            : HHH90000033: Encountered use of deprecated annotation [interface jakarta.persistence.Temporal] at com.coding.exercise.bankapp.model.Customer.updateDateTime.
2026-09-23T08:59:43.704Z  WARN 4145 --- [           main] org.hibernate.orm.deprecation            : HHH90000033: Encountered use of deprecated annotation [interface jakarta.persistence.Temporal] at com.coding.exercise.bankapp.model.Transaction.txDateTime.
2026-09-23T08:59:44.179Z  INFO 4145 --- [           main] org.hibernate.orm.core                   : HHH000489: No JTA platform available (set 'hibernate.transaction.jta.platform' to enable JTA platform integration)
2026-09-23T08:59:44.216Z  INFO 4145 --- [           main] j.LocalContainerEntityManagerFactoryBean : Initialized JPA EntityManagerFactory for persistence unit 'default'
2026-09-23T08:59:44.267Z  INFO 4145 --- [           main] o.s.d.j.r.query.QueryEnhancerFactories   : Hibernate is in classpath; If applicable, HQL parser will be used.
2026-09-23T08:59:44.478Z  WARN 4145 --- [           main] JpaBaseConfiguration$JpaWebConfiguration : spring.jpa.open-in-view is enabled by default. Therefore, database queries may be performed during view rendering. Explicitly configure spring.jpa.open-in-view to disable this warning
2026-09-23T08:59:44.582Z  INFO 4145 --- [           main] r$InitializeUserDetailsManagerConfigurer : Global AuthenticationManager configured with UserDetailsService bean with name inMemoryUserDetailsManager
2026-09-23T08:59:45.049Z  INFO 4145 --- [           main] o.s.b.h.a.H2ConsoleAutoConfiguration     : H2 console available at '/h2-console'. Database available at 'jdbc:h2:mem:42941500-dbe7-4d1c-a03e-a5cd52e6b2e4'
2026-09-23T08:59:45.136Z  INFO 4145 --- [           main] o.s.b.a.e.web.EndpointLinksResolver      : Exposing 1 endpoint beneath base path '/actuator'
2026-09-23T08:59:45.178Z  INFO 4145 --- [           main] c.c.e.bankapp.BankingApplicationTests    : Started BankingApplicationTests in 3.304 seconds (process running for 4.046)
2026-09-23T08:59:45.249Z  WARN 4145 --- [           main] o.s.core.events.SpringDocAppInitializer  : SpringDoc /v3/api-docs endpoint is enabled by default. To disable it in production, set the property 'springdoc.api-docs.enabled=false'
2026-09-23T08:59:45.249Z  WARN 4145 --- [           main] o.s.core.events.SpringDocAppInitializer  : SpringDoc /swagger-ui.html endpoint is enabled by default. To disable it in production, set the property 'springdoc.swagger-ui.enabled=false'
Mockito is currently self-attaching to enable the inline-mock-maker. This will no longer work in future releases of the JDK. Please add Mockito as an agent to your build as described in Mockito's documentation: https://javadoc.io/doc/org.mockito/mockito-core/latest/org.mockito/org/mockito/Mockito.html#0.3
WARNING: A Java agent has been loaded dynamically (/home/ubuntu/.m2/repository/net/bytebuddy/byte-buddy-agent/1.18.11/byte-buddy-agent-1.18.11.jar)
WARNING: If a serviceability tool is in use, please run with -XX:+EnableDynamicAgentLoading to hide this warning
WARNING: If a serviceability tool is not in use, please run with -Djdk.instrument.traceUsage for more information
WARNING: Dynamic loading of agents will be disallowed by default in a future release
OpenJDK 64-Bit Server VM warning: Sharing is only supported for boot loader classes because bootstrap classpath has been appended
[INFO] Tests run: 1, Failures: 0, Errors: 0, Skipped: 0, Time elapsed: 3.947 s -- in com.coding.exercise.bankapp.BankingApplicationTests
[INFO] 
[INFO] Results:
[INFO] 
[INFO] Tests run: 1, Failures: 0, Errors: 0, Skipped: 0
[INFO] 
[INFO] 
[INFO] --- maven-jar-plugin:3.5.1:jar (default-jar) @ bank-app ---
[INFO] Building jar: /home/ubuntu/repos/Aplicacion-de-Banca-Spring-Boot/target/bank-app-1.0.0.jar
[INFO] 
[INFO] --- spring-boot-maven-plugin:4.1.1:repackage (repackage) @ bank-app ---
[INFO] Replacing main artifact /home/ubuntu/repos/Aplicacion-de-Banca-Spring-Boot/target/bank-app-1.0.0.jar with repackaged archive, adding nested dependencies in BOOT-INF/.
[INFO] The original artifact has been renamed to /home/ubuntu/repos/Aplicacion-de-Banca-Spring-Boot/target/bank-app-1.0.0.jar.original
[INFO] ------------------------------------------------------------------------
[INFO] BUILD SUCCESS
[INFO] ------------------------------------------------------------------------
[INFO] Total time:  25.407 s
[INFO] Finished at: 2026-09-23T08:59:47Z
[INFO] ------------------------------------------------------------------------
EXIT 0
